Traceback (most recent call last):
  File "/opt/conda/lib/python3.13/site-packages/jupyter_cache/executors/utils.py", line 58, in single_nb_execution
    executenb(
    ~~~~~~~~~^
        nb,
        ^^^
    ...<4 lines>...
        **kwargs,
        ^^^^^^^^^
    )
    ^
  File "/opt/conda/lib/python3.13/site-packages/nbclient/client.py", line 1319, in execute
    return NotebookClient(nb=nb, resources=resources, km=km, **kwargs).execute()
           ~~~~~~~~~~~~~~~~~~~~~~~~~~~~~~~~~~~~~~~~~~~~~~~~~~~~~~~~~~~~~~~~~~~^^
  File "/opt/conda/lib/python3.13/site-packages/jupyter_core/utils/__init__.py", line 165, in wrapped
    return loop.run_until_complete(inner)
           ~~~~~~~~~~~~~~~~~~~~~~~^^^^^^^
  File "/opt/conda/lib/python3.13/asyncio/base_events.py", line 725, in run_until_complete
    return future.result()
           ~~~~~~~~~~~~~^^
  File "/opt/conda/lib/python3.13/site-packages/nbclient/client.py", line 709, in async_execute
    await self.async_execute_cell(
        cell, index, execution_count=self.code_cells_executed + 1
    )
  File "/opt/conda/lib/python3.13/site-packages/nbclient/client.py", line 1062, in async_execute_cell
    await self._check_raise_for_error(cell, cell_index, exec_reply)
  File "/opt/conda/lib/python3.13/site-packages/nbclient/client.py", line 918, in _check_raise_for_error
    raise CellExecutionError.from_cell_and_msg(cell, exec_reply_content)
nbclient.exceptions.CellExecutionError: An error occurred while executing the following cell:
------------------
# Import the necessary libraries
import numpy as np
import matplotlib.pyplot as plt
import nibabel as nib
from IPython.display import  Image

from dipy.tracking.stopping_criterion import CmcStoppingCriterion, ActStoppingCriterion, ThresholdStoppingCriterion
from dipy.core.gradients import gradient_table
from dipy.data import get_fnames, default_sphere, get_sphere
from dipy.direction import ProbabilisticDirectionGetter, PTTDirectionGetter
from dipy.io.gradients import read_bvals_bvecs
from dipy.io.image import load_nifti, load_nifti_data
from dipy.io.stateful_tractogram import Space, StatefulTractogram
from dipy.io.streamline import save_trk
from dipy.reconst.csdeconv import (ConstrainedSphericalDeconvModel,
                                   auto_response_ssst)
from dipy.reconst.shm import CsaOdfModel
from dipy.tracking.local_tracking import (LocalTracking,
                                          ParticleFilteringTracking)
from dipy.tracking.streamline import Streamlines
from dipy.tracking import utils
from dipy.viz import window, actor, colormap, has_fury
------------------


[31m---------------------------------------------------------------------------[39m
[31mModuleNotFoundError[39m                       Traceback (most recent call last)
[36mCell[39m[36m [39m[32mIn[2][39m[32m, line 7[39m
[32m      4[39m [38;5;28;01mimport[39;00m[38;5;250m [39m[34;01mnibabel[39;00m[38;5;250m [39m[38;5;28;01mas[39;00m[38;5;250m [39m[34;01mnib[39;00m
[32m      5[39m [38;5;28;01mfrom[39;00m[38;5;250m [39m[34;01mIPython[39;00m[34;01m.[39;00m[34;01mdisplay[39;00m[38;5;250m [39m[38;5;28;01mimport[39;00m  Image
[32m----> [39m[32m7[39m [38;5;28;01mfrom[39;00m[38;5;250m [39m[34;01mdipy[39;00m[34;01m.[39;00m[34;01mtracking[39;00m[34;01m.[39;00m[34;01mstopping_criterion[39;00m[38;5;250m [39m[38;5;28;01mimport[39;00m CmcStoppingCriterion, ActStoppingCriterion, ThresholdStoppingCriterion
[32m      8[39m [38;5;28;01mfrom[39;00m[38;5;250m [39m[34;01mdipy[39;00m[34;01m.[39;00m[34;01mcore[39;00m[34;01m.[39;00m[34;01mgradients[39;00m[38;5;250m [39m[38;5;28;01mimport[39;00m gradient_table
[32m      9[39m [38;5;28;01mfrom[39;00m[38;5;250m [39m[34;01mdipy[39;00m[34;01m.[39;00m[34;01mdata[39;00m[38;5;250m [39m[38;5;28;01mimport[39;00m get_fnames, default_sphere, get_sphere

[31mModuleNotFoundError[39m: No module named 'dipy'

