Traceback (most recent call last):
  File "/opt/conda/lib/python3.13/site-packages/jupyter_cache/executors/utils.py", line 58, in single_nb_execution
    executenb(
    ~~~~~~~~~^
        nb,
        ^^^
    ...<4 lines>...
        **kwargs,
        ^^^^^^^^^
    )
    ^
  File "/opt/conda/lib/python3.13/site-packages/nbclient/client.py", line 1319, in execute
    return NotebookClient(nb=nb, resources=resources, km=km, **kwargs).execute()
           ~~~~~~~~~~~~~~~~~~~~~~~~~~~~~~~~~~~~~~~~~~~~~~~~~~~~~~~~~~~~~~~~~~~^^
  File "/opt/conda/lib/python3.13/site-packages/jupyter_core/utils/__init__.py", line 165, in wrapped
    return loop.run_until_complete(inner)
           ~~~~~~~~~~~~~~~~~~~~~~~^^^^^^^
  File "/opt/conda/lib/python3.13/asyncio/base_events.py", line 725, in run_until_complete
    return future.result()
           ~~~~~~~~~~~~~^^
  File "/opt/conda/lib/python3.13/site-packages/nbclient/client.py", line 709, in async_execute
    await self.async_execute_cell(
        cell, index, execution_count=self.code_cells_executed + 1
    )
  File "/opt/conda/lib/python3.13/site-packages/nbclient/client.py", line 1062, in async_execute_cell
    await self._check_raise_for_error(cell, cell_index, exec_reply)
  File "/opt/conda/lib/python3.13/site-packages/nbclient/client.py", line 918, in _check_raise_for_error
    raise CellExecutionError.from_cell_and_msg(cell, exec_reply_content)
nbclient.exceptions.CellExecutionError: An error occurred while executing the following cell:
------------------
import matplotlib.pyplot as plt
from matplotlib.image import imread

# Load the .bmp images
familiar = imread('ds000117/stimuli/func/f001.bmp')
unfamiliar = imread('ds000117/stimuli/func/u001.bmp')
scrambled = imread('ds000117/stimuli/func/s001.bmp')

# Create a Matplotlib figure with subplots
fig, axes = plt.subplots(1, 3, figsize=(12, 4))

# Plot each image on a subplot
axes[0].imshow(familiar, cmap='gray')
axes[0].set_title('Familiar face')
axes[0].axis('off')

axes[1].imshow(unfamiliar, cmap='gray')
axes[1].set_title('Unfamiliar face')
axes[1].axis('off')

axes[2].imshow(scrambled, cmap='gray')
axes[2].set_title('Scrambled face')
axes[2].axis('off')

plt.tight_layout()
plt.show()
------------------


[31m---------------------------------------------------------------------------[39m
[31mFileNotFoundError[39m                         Traceback (most recent call last)
[36mCell[39m[36m [39m[32mIn[2][39m[32m, line 5[39m
[32m      2[39m [38;5;28;01mfrom[39;00m[38;5;250m [39m[34;01mmatplotlib[39;00m[34;01m.[39;00m[34;01mimage[39;00m[38;5;250m [39m[38;5;28;01mimport[39;00m imread
[32m      4[39m [38;5;66;03m# Load the .bmp images[39;00m
[32m----> [39m[32m5[39m familiar = [43mimread[49m[43m([49m[33;43m'[39;49m[33;43mds000117/stimuli/func/f001.bmp[39;49m[33;43m'[39;49m[43m)[49m
[32m      6[39m unfamiliar = imread([33m'[39m[33mds000117/stimuli/func/u001.bmp[39m[33m'[39m)
[32m      7[39m scrambled = imread([33m'[39m[33mds000117/stimuli/func/s001.bmp[39m[33m'[39m)

[36mFile [39m[32m/opt/conda/lib/python3.13/site-packages/matplotlib/image.py:1520[39m, in [36mimread[39m[34m(fname, format)[39m
[32m   1513[39m [38;5;28;01mif[39;00m [38;5;28misinstance[39m(fname, [38;5;28mstr[39m) [38;5;129;01mand[39;00m [38;5;28mlen[39m(parse.urlparse(fname).scheme) > [32m1[39m:
[32m   1514[39m     [38;5;66;03m# Pillow doesn't handle URLs directly.[39;00m
[32m   1515[39m     [38;5;28;01mraise[39;00m [38;5;167;01mValueError[39;00m(
[32m   1516[39m         [33m"[39m[33mPlease open the URL for reading and pass the [39m[33m"[39m
[32m   1517[39m         [33m"[39m[33mresult to Pillow, e.g. with [39m[33m"[39m
[32m   1518[39m         [33m"[39m[33m``np.array(PIL.Image.open(urllib.request.urlopen(url)))``.[39m[33m"[39m
[32m   1519[39m         )
[32m-> [39m[32m1520[39m [38;5;28;01mwith[39;00m [43mimg_open[49m[43m([49m[43mfname[49m[43m)[49m [38;5;28;01mas[39;00m image:
[32m   1521[39m     [38;5;28;01mreturn[39;00m (_pil_png_to_float_array(image)
[32m   1522[39m             [38;5;28;01mif[39;00m [38;5;28misinstance[39m(image, PIL.PngImagePlugin.PngImageFile) [38;5;28;01melse[39;00m
[32m   1523[39m             pil_to_array(image))

[36mFile [39m[32m/opt/conda/lib/python3.13/site-packages/PIL/Image.py:3493[39m, in [36mopen[39m[34m(fp, mode, formats)[39m
[32m   3491[39m [38;5;28;01mif[39;00m is_path(fp):
[32m   3492[39m     filename = os.fspath(fp)
[32m-> [39m[32m3493[39m     fp = [43mbuiltins[49m[43m.[49m[43mopen[49m[43m([49m[43mfilename[49m[43m,[49m[43m [49m[33;43m"[39;49m[33;43mrb[39;49m[33;43m"[39;49m[43m)[49m
[32m   3494[39m     exclusive_fp = [38;5;28;01mTrue[39;00m
[32m   3495[39m [38;5;28;01melse[39;00m:

[31mFileNotFoundError[39m: [Errno 2] No such file or directory: 'ds000117/stimuli/func/f001.bmp'

