Traceback (most recent call last):
  File "/opt/conda/lib/python3.12/site-packages/jupyter_core/utils/__init__.py", line 154, in wrapped
    asyncio.get_running_loop()
RuntimeError: no running event loop

During handling of the above exception, another exception occurred:

Traceback (most recent call last):
  File "/opt/conda/lib/python3.12/site-packages/jupyter_cache/executors/utils.py", line 58, in single_nb_execution
    executenb(
  File "/opt/conda/lib/python3.12/site-packages/nbclient/client.py", line 1319, in execute
    return NotebookClient(nb=nb, resources=resources, km=km, **kwargs).execute()
           ^^^^^^^^^^^^^^^^^^^^^^^^^^^^^^^^^^^^^^^^^^^^^^^^^^^^^^^^^^^^^^^^^^^^^
  File "/opt/conda/lib/python3.12/site-packages/jupyter_core/utils/__init__.py", line 158, in wrapped
    return loop.run_until_complete(inner)
           ^^^^^^^^^^^^^^^^^^^^^^^^^^^^^^
  File "/opt/conda/lib/python3.12/asyncio/base_events.py", line 691, in run_until_complete
    return future.result()
           ^^^^^^^^^^^^^^^
  File "/opt/conda/lib/python3.12/site-packages/nbclient/client.py", line 709, in async_execute
    await self.async_execute_cell(
  File "/opt/conda/lib/python3.12/site-packages/nbclient/client.py", line 1062, in async_execute_cell
    await self._check_raise_for_error(cell, cell_index, exec_reply)
  File "/opt/conda/lib/python3.12/site-packages/nbclient/client.py", line 918, in _check_raise_for_error
    raise CellExecutionError.from_cell_and_msg(cell, exec_reply_content)
nbclient.exceptions.CellExecutionError: An error occurred while executing the following cell:
------------------
# Display original file in grayscale
from ipyniivue import NiiVue
from IPython.display import display, Image
import nibabel as nib, numpy as np

T1_PATH = "./data/structural/mp2rage.nii.gz" 

# Robust intensity window (ignore zeros and outliers)
t1 = nib.load(T1_PATH).get_fdata()
vals = t1[t1 > 0]
vmin, vmax = np.percentile(vals, [0.5, 99.5]) if vals.size else (None, None)

nv = NiiVue(
    height=600,
    multiplanar_layout="grid",
    multiplanar_show_render=True,
    is_ruler=False,
    is_colorbar=True,
    is_orient_cube=True,
    is_radiological_convention=True,
    back_color=(0.1,0.1,0.1,1.0),
)

nv.add_volume({
    "path": T1_PATH,
    "name": "native",
    "opacity": 1.0,
    "colormap": "gray",
    "cal_min": float(vmin) if vmin is not None else None,
    "cal_max": float(vmax) if vmax is not None else None,
    "ignore_zero_voxels": True,
})

nv.set_crosshair_color([0,0,0,1])
display(nv)
------------------


[31m---------------------------------------------------------------------------[39m
[31mTraitError[39m                                Traceback (most recent call last)
[36mCell[39m[36m [39m[32mIn[6][39m[32m, line 13[39m
[32m     10[39m vals = t1[t1 > [32m0[39m]
[32m     11[39m vmin, vmax = np.percentile(vals, [[32m0.5[39m, [32m99.5[39m]) [38;5;28;01mif[39;00m vals.size [38;5;28;01melse[39;00m ([38;5;28;01mNone[39;00m, [38;5;28;01mNone[39;00m)
[32m---> [39m[32m13[39m nv = [43mNiiVue[49m[43m([49m
[32m     14[39m [43m    [49m[43mheight[49m[43m=[49m[32;43m600[39;49m[43m,[49m
[32m     15[39m [43m    [49m[43mmultiplanar_layout[49m[43m=[49m[33;43m"[39;49m[33;43mgrid[39;49m[33;43m"[39;49m[43m,[49m
[32m     16[39m [43m    [49m[43mmultiplanar_show_render[49m[43m=[49m[38;5;28;43;01mTrue[39;49;00m[43m,[49m
[32m     17[39m [43m    [49m[43mis_ruler[49m[43m=[49m[38;5;28;43;01mFalse[39;49;00m[43m,[49m
[32m     18[39m [43m    [49m[43mis_colorbar[49m[43m=[49m[38;5;28;43;01mTrue[39;49;00m[43m,[49m
[32m     19[39m [43m    [49m[43mis_orient_cube[49m[43m=[49m[38;5;28;43;01mTrue[39;49;00m[43m,[49m
[32m     20[39m [43m    [49m[43mis_radiological_convention[49m[43m=[49m[38;5;28;43;01mTrue[39;49;00m[43m,[49m
[32m     21[39m [43m    [49m[43mback_color[49m[43m=[49m[43m([49m[32;43m0.1[39;49m[43m,[49m[32;43m0.1[39;49m[43m,[49m[32;43m0.1[39;49m[43m,[49m[32;43m1.0[39;49m[43m)[49m[43m,[49m
[32m     22[39m [43m)[49m
[32m     24[39m nv.add_volume({
[32m     25[39m     [33m"[39m[33mpath[39m[33m"[39m: T1_PATH,
[32m     26[39m     [33m"[39m[33mname[39m[33m"[39m: [33m"[39m[33mnative[39m[33m"[39m,
[32m   (...)[39m[32m     31[39m     [33m"[39m[33mignore_zero_voxels[39m[33m"[39m: [38;5;28;01mTrue[39;00m,
[32m     32[39m })
[32m     34[39m nv.set_crosshair_color([[32m0[39m,[32m0[39m,[32m0[39m,[32m1[39m])

[36mFile [39m[32m/opt/conda/lib/python3.12/site-packages/ipyniivue/widget.py:401[39m, in [36mNiiVue.__init__[39m[34m(self, height, **options)[39m
[32m    386[39m [38;5;250m[39m[33mr[39m[33;03m"""[39;00m
[32m    387[39m [33;03mInitialize the NiiVue widget.[39;00m
[32m    388[39m 
[32m   (...)[39m[32m    398[39m [33;03m    See :class:`ipyniivue.config_options.ConfigOptions` for all options.[39;00m
[32m    399[39m [33;03m"""[39;00m
[32m    400[39m [38;5;66;03m# Get options[39;00m
[32m--> [39m[32m401[39m opts = [43mConfigOptions[49m[43m([49m[43mparent[49m[43m=[49m[38;5;28;43mself[39;49m[43m,[49m[43m [49m[43m*[49m[43m*[49m[43moptions[49m[43m)[49m
[32m    402[39m [38;5;28msuper[39m().[34m__init__[39m(height=height, opts=opts, volumes=[], meshes=[])
[32m    404[39m [38;5;66;03m# Handle messages coming from frontend[39;00m

[36mFile [39m[32m/opt/conda/lib/python3.12/site-packages/ipyniivue/config_options.py:93[39m, in [36mConfigOptions.__init__[39m[34m(self, parent, **kwargs)[39m
[32m     92[39m [38;5;28;01mdef[39;00m[38;5;250m [39m[34m__init__[39m([38;5;28mself[39m, parent=[38;5;28;01mNone[39;00m, **kwargs):
[32m---> [39m[32m93[39m     [38;5;28;43msuper[39;49m[43m([49m[43m)[49m[43m.[49m[34;43m__init__[39;49m[43m([49m[43m*[49m[43m*[49m[43mkwargs[49m[43m)[49m
[32m     94[39m     [38;5;28mself[39m._parent = parent

[36mFile [39m[32m/opt/conda/lib/python3.12/site-packages/traitlets/traitlets.py:1355[39m, in [36mHasTraits.__init__[39m[34m(self, *args, **kwargs)[39m
[32m   1353[39m [38;5;28;01mfor[39;00m key, value [38;5;129;01min[39;00m kwargs.items():
[32m   1354[39m     [38;5;28;01mif[39;00m [38;5;28mself[39m.has_trait(key):
[32m-> [39m[32m1355[39m         [38;5;28;43msetattr[39;49m[43m([49m[38;5;28;43mself[39;49m[43m,[49m[43m [49m[43mkey[49m[43m,[49m[43m [49m[43mvalue[49m[43m)[49m
[32m   1356[39m         changes[key] = Bunch(
[32m   1357[39m             name=key,
[32m   1358[39m             old=[38;5;28;01mNone[39;00m,
[32m   (...)[39m[32m   1361[39m             [38;5;28mtype[39m=[33m"[39m[33mchange[39m[33m"[39m,
[32m   1362[39m         )
[32m   1363[39m     [38;5;28;01melse[39;00m:
[32m   1364[39m         [38;5;66;03m# passthrough args that don't set traits to super[39;00m

[36mFile [39m[32m/opt/conda/lib/python3.12/site-packages/traitlets/traitlets.py:716[39m, in [36mTraitType.__set__[39m[34m(self, obj, value)[39m
[32m    714[39m [38;5;28;01mif[39;00m [38;5;28mself[39m.read_only:
[32m    715[39m     [38;5;28;01mraise[39;00m TraitError([33m'[39m[33mThe [39m[33m"[39m[38;5;132;01m%s[39;00m[33m"[39m[33m trait is read-only.[39m[33m'[39m % [38;5;28mself[39m.name)
[32m--> [39m[32m716[39m [38;5;28;43mself[39;49m[43m.[49m[43mset[49m[43m([49m[43mobj[49m[43m,[49m[43m [49m[43mvalue[49m[43m)[49m

[36mFile [39m[32m/opt/conda/lib/python3.12/site-packages/traitlets/traitlets.py:690[39m, in [36mTraitType.set[39m[34m(self, obj, value)[39m
[32m    689[39m [38;5;28;01mdef[39;00m[38;5;250m [39m[34mset[39m([38;5;28mself[39m, obj: HasTraits, value: S) -> [38;5;28;01mNone[39;00m:
[32m--> [39m[32m690[39m     new_value = [38;5;28;43mself[39;49m[43m.[49m[43m_validate[49m[43m([49m[43mobj[49m[43m,[49m[43m [49m[43mvalue[49m[43m)[49m
[32m    691[39m     [38;5;28;01massert[39;00m [38;5;28mself[39m.name [38;5;129;01mis[39;00m [38;5;129;01mnot[39;00m [38;5;28;01mNone[39;00m
[32m    692[39m     [38;5;28;01mtry[39;00m:

[36mFile [39m[32m/opt/conda/lib/python3.12/site-packages/traitlets/traitlets.py:722[39m, in [36mTraitType._validate[39m[34m(self, obj, value)[39m
[32m    720[39m     [38;5;28;01mreturn[39;00m value
[32m    721[39m [38;5;28;01mif[39;00m [38;5;28mhasattr[39m([38;5;28mself[39m, [33m"[39m[33mvalidate[39m[33m"[39m):
[32m--> [39m[32m722[39m     value = [38;5;28;43mself[39;49m[43m.[49m[43mvalidate[49m[43m([49m[43mobj[49m[43m,[49m[43m [49m[43mvalue[49m[43m)[49m
[32m    723[39m [38;5;28;01mif[39;00m obj._cross_validation_lock [38;5;129;01mis[39;00m [38;5;28;01mFalse[39;00m:
[32m    724[39m     value = [38;5;28mself[39m._cross_validate(obj, value)

[36mFile [39m[32m/opt/conda/lib/python3.12/site-packages/traitlets/traitlets.py:4276[39m, in [36mUseEnum.validate[39m[34m(self, obj, value)[39m
[32m   4274[39m     [38;5;28;01melse[39;00m:
[32m   4275[39m         [38;5;28;01mreturn[39;00m [38;5;28mself[39m.default_value
[32m-> [39m[32m4276[39m [38;5;28;43mself[39;49m[43m.[49m[43merror[49m[43m([49m[43mobj[49m[43m,[49m[43m [49m[43mvalue[49m[43m)[49m

[36mFile [39m[32m/opt/conda/lib/python3.12/site-packages/traitlets/traitlets.py:831[39m, in [36mTraitType.error[39m[34m(self, obj, value, error, info)[39m
[32m    825[39m [38;5;28;01melse[39;00m:
[32m    826[39m     e = [33m"[39m[33mThe [39m[33m'[39m[38;5;132;01m{}[39;00m[33m'[39m[33m trait expected [39m[38;5;132;01m{}[39;00m[33m, not [39m[38;5;132;01m{}[39;00m[33m.[39m[33m"[39m.format(
[32m    827[39m         [38;5;28mself[39m.name,
[32m    828[39m         info [38;5;129;01mor[39;00m [38;5;28mself[39m.info(),
[32m    829[39m         describe([33m"[39m[33mthe[39m[33m"[39m, value),
[32m    830[39m     )
[32m--> [39m[32m831[39m [38;5;28;01mraise[39;00m TraitError(e)

[31mTraitError[39m: The 'multiplanar_layout' trait of a ConfigOptions instance expected any of ['AUTO', 'COLUMN', 'GRID', 'ROW'], not the str 'grid'.

