Traceback (most recent call last):
  File "/opt/conda/lib/python3.13/site-packages/jupyter_cache/executors/utils.py", line 58, in single_nb_execution
    executenb(
    ~~~~~~~~~^
        nb,
        ^^^
    ...<4 lines>...
        **kwargs,
        ^^^^^^^^^
    )
    ^
  File "/opt/conda/lib/python3.13/site-packages/nbclient/client.py", line 1319, in execute
    return NotebookClient(nb=nb, resources=resources, km=km, **kwargs).execute()
           ~~~~~~~~~~~~~~~~~~~~~~~~~~~~~~~~~~~~~~~~~~~~~~~~~~~~~~~~~~~~~~~~~~~^^
  File "/opt/conda/lib/python3.13/site-packages/jupyter_core/utils/__init__.py", line 165, in wrapped
    return loop.run_until_complete(inner)
           ~~~~~~~~~~~~~~~~~~~~~~~^^^^^^^
  File "/opt/conda/lib/python3.13/asyncio/base_events.py", line 725, in run_until_complete
    return future.result()
           ~~~~~~~~~~~~~^^
  File "/opt/conda/lib/python3.13/site-packages/nbclient/client.py", line 709, in async_execute
    await self.async_execute_cell(
        cell, index, execution_count=self.code_cells_executed + 1
    )
  File "/opt/conda/lib/python3.13/site-packages/nbclient/client.py", line 1062, in async_execute_cell
    await self._check_raise_for_error(cell, cell_index, exec_reply)
  File "/opt/conda/lib/python3.13/site-packages/nbclient/client.py", line 918, in _check_raise_for_error
    raise CellExecutionError.from_cell_and_msg(cell, exec_reply_content)
nbclient.exceptions.CellExecutionError: An error occurred while executing the following cell:
------------------
# extract first volume of functional images
!mkdir -p FSL_preproc

index_img("./ds000102/sub-08/func/sub-08_task-flanker_run-1_bold.nii.gz", 0).to_filename("./FSL_preproc/sub-08_task-flanker_run-1_bold_vol0.nii.gz")
index_img("./ds000102/sub-08/func/sub-08_task-flanker_run-2_bold.nii.gz", 0).to_filename("./FSL_preproc/sub-08_task-flanker_run-2_bold_vol0.nii.gz")
------------------


[31m---------------------------------------------------------------------------[39m
[31mValueError[39m                                Traceback (most recent call last)
[36mCell[39m[36m [39m[32mIn[7][39m[32m, line 4[39m
[32m      1[39m [38;5;66;03m# extract first volume of functional images[39;00m
[32m      2[39m get_ipython().system([33m'[39m[33mmkdir -p FSL_preproc[39m[33m'[39m)
[32m----> [39m[32m4[39m [43mindex_img[49m[43m([49m[33;43m"[39;49m[33;43m./ds000102/sub-08/func/sub-08_task-flanker_run-1_bold.nii.gz[39;49m[33;43m"[39;49m[43m,[49m[43m [49m[32;43m0[39;49m[43m)[49m.to_filename([33m"[39m[33m./FSL_preproc/sub-08_task-flanker_run-1_bold_vol0.nii.gz[39m[33m"[39m)
[32m      5[39m index_img([33m"[39m[33m./ds000102/sub-08/func/sub-08_task-flanker_run-2_bold.nii.gz[39m[33m"[39m, [32m0[39m).to_filename([33m"[39m[33m./FSL_preproc/sub-08_task-flanker_run-2_bold_vol0.nii.gz[39m[33m"[39m)

[36mFile [39m[32m/opt/conda/lib/python3.13/site-packages/nilearn/image/image.py:717[39m, in [36mindex_img[39m[34m(imgs, index)[39m
[32m    714[39m     imgs = at_least_2d(imgs)
[32m    715[39m     [38;5;28;01mreturn[39;00m new_img_like(imgs, data=extract_data(imgs, index))
[32m--> [39m[32m717[39m imgs = [43mcheck_niimg_4d[49m[43m([49m[43mimgs[49m[43m)[49m
[32m    718[39m [38;5;66;03m# duck-type for pandas arrays, and select the 'values' attr[39;00m
[32m    719[39m [38;5;28;01mif[39;00m [38;5;28mhasattr[39m(index, [33m"[39m[33mvalues[39m[33m"[39m) [38;5;129;01mand[39;00m [38;5;28mhasattr[39m(index, [33m"[39m[33miloc[39m[33m"[39m):

[36mFile [39m[32m/opt/conda/lib/python3.13/site-packages/nilearn/_utils/niimg_conversions.py:446[39m, in [36mcheck_niimg_4d[39m[34m(niimg, return_iterator, dtype)[39m
[32m    409[39m [38;5;28;01mdef[39;00m[38;5;250m [39m[34mcheck_niimg_4d[39m(niimg, return_iterator=[38;5;28;01mFalse[39;00m, dtype=[38;5;28;01mNone[39;00m):
[32m    410[39m [38;5;250m    [39m[33;03m"""Check that niimg is a proper 4D niimg-like object and load it.[39;00m
[32m    411[39m 
[32m    412[39m [33;03m    Parameters[39;00m
[32m   (...)[39m[32m    444[39m 
[32m    445[39m [33;03m    """[39;00m
[32m--> [39m[32m446[39m     [38;5;28;01mreturn[39;00m [43mcheck_niimg[49m[43m([49m
[32m    447[39m [43m        [49m[43mniimg[49m[43m,[49m[43m [49m[43mensure_ndim[49m[43m=[49m[32;43m4[39;49m[43m,[49m[43m [49m[43mreturn_iterator[49m[43m=[49m[43mreturn_iterator[49m[43m,[49m[43m [49m[43mdtype[49m[43m=[49m[43mdtype[49m
[32m    448[39m [43m    [49m[43m)[49m

[36mFile [39m[32m/opt/conda/lib/python3.13/site-packages/nilearn/_utils/niimg_conversions.py:339[39m, in [36mcheck_niimg[39m[34m(niimg, ensure_ndim, atleast_4d, dtype, return_iterator, wildcards)[39m
[32m    337[39m         [38;5;28;01mraise[39;00m [38;5;167;01mValueError[39;00m(message)
[32m    338[39m     [38;5;28;01melse[39;00m:
[32m--> [39m[32m339[39m         [38;5;28;01mraise[39;00m [38;5;167;01mValueError[39;00m([33mf[39m[33m"[39m[33mFile not found: [39m[33m'[39m[38;5;132;01m{[39;00mniimg[38;5;132;01m}[39;00m[33m'[39m[33m"[39m)
[32m    340[39m [38;5;28;01melif[39;00m [38;5;129;01mnot[39;00m Path(niimg).exists():
[32m    341[39m     [38;5;28;01mraise[39;00m [38;5;167;01mValueError[39;00m([33mf[39m[33m"[39m[33mFile not found: [39m[33m'[39m[38;5;132;01m{[39;00mniimg[38;5;132;01m}[39;00m[33m'[39m[33m"[39m)

[31mValueError[39m: File not found: './ds000102/sub-08/func/sub-08_task-flanker_run-1_bold.nii.gz'

