Traceback (most recent call last):
  File "/opt/conda/lib/python3.13/site-packages/jupyter_cache/executors/utils.py", line 58, in single_nb_execution
    executenb(
    ~~~~~~~~~^
        nb,
        ^^^
    ...<4 lines>...
        **kwargs,
        ^^^^^^^^^
    )
    ^
  File "/opt/conda/lib/python3.13/site-packages/nbclient/client.py", line 1319, in execute
    return NotebookClient(nb=nb, resources=resources, km=km, **kwargs).execute()
           ~~~~~~~~~~~~~~~~~~~~~~~~~~~~~~~~~~~~~~~~~~~~~~~~~~~~~~~~~~~~~~~~~~~^^
  File "/opt/conda/lib/python3.13/site-packages/jupyter_core/utils/__init__.py", line 165, in wrapped
    return loop.run_until_complete(inner)
           ~~~~~~~~~~~~~~~~~~~~~~~^^^^^^^
  File "/opt/conda/lib/python3.13/asyncio/base_events.py", line 725, in run_until_complete
    return future.result()
           ~~~~~~~~~~~~~^^
  File "/opt/conda/lib/python3.13/site-packages/nbclient/client.py", line 709, in async_execute
    await self.async_execute_cell(
        cell, index, execution_count=self.code_cells_executed + 1
    )
  File "/opt/conda/lib/python3.13/site-packages/nbclient/client.py", line 1062, in async_execute_cell
    await self._check_raise_for_error(cell, cell_index, exec_reply)
  File "/opt/conda/lib/python3.13/site-packages/nbclient/client.py", line 918, in _check_raise_for_error
    raise CellExecutionError.from_cell_and_msg(cell, exec_reply_content)
nbclient.exceptions.CellExecutionError: An error occurred while executing the following cell:
------------------
dg_first = pe.Node(
    interface=nio.DataGrabber(
        infields=["subject_id","run_id"], outfields=["struct", "func", "events"]
    ),
    name="dg_first"
)

# Specify run_ids and return a sorted filelist to ensure we match files to correct runs/tasks
dg_first.inputs.run_id = [1,2]
dg_first.inputs.sort_filelist = True
dg_first.inputs.template = "*"
dg_first.inputs.base_directory = data_dir_first

# Define arguments fill the wildcards in the below paths 
dg_first.inputs.template_args = dict(
    struct=[["subject_id","subject_id"]],
    func=[["subject_id","subject_id","run_id"]],
    events=[["subject_id","subject_id","run_id"]]
)

dg_first.inputs.field_template = dict(
    struct = "sub-%s/anat/sub-%s_T1w.nii.gz",
    func="sub-%s/func/sub-%s_task-flanker_run-%d_bold.nii.gz",
    events="sub-%s/func/sub-%s_task-flanker_run-%d_events.tsv", 
)

wf_first.connect([
        (infosource_first, dg_first, [("subject_id", "subject_id")])
])
------------------


[31m---------------------------------------------------------------------------[39m
[31mTraitError[39m                                Traceback (most recent call last)
[36mCell[39m[36m [39m[32mIn[11][39m[32m, line 12[39m
[32m     10[39m dg_first.inputs.sort_filelist = [38;5;28;01mTrue[39;00m
[32m     11[39m dg_first.inputs.template = [33m"[39m[33m*[39m[33m"[39m
[32m---> [39m[32m12[39m [43mdg_first[49m[43m.[49m[43minputs[49m[43m.[49m[43mbase_directory[49m = data_dir_first
[32m     14[39m [38;5;66;03m# Define arguments fill the wildcards in the below paths [39;00m
[32m     15[39m dg_first.inputs.template_args = [38;5;28mdict[39m(
[32m     16[39m     struct=[[[33m"[39m[33msubject_id[39m[33m"[39m,[33m"[39m[33msubject_id[39m[33m"[39m]],
[32m     17[39m     func=[[[33m"[39m[33msubject_id[39m[33m"[39m,[33m"[39m[33msubject_id[39m[33m"[39m,[33m"[39m[33mrun_id[39m[33m"[39m]],
[32m     18[39m     events=[[[33m"[39m[33msubject_id[39m[33m"[39m,[33m"[39m[33msubject_id[39m[33m"[39m,[33m"[39m[33mrun_id[39m[33m"[39m]]
[32m     19[39m )

[36mFile [39m[32m/opt/conda/lib/python3.13/site-packages/nipype/interfaces/base/traits_extension.py:135[39m, in [36mBasePath.validate[39m[34m(self, objekt, name, value, return_pathlike)[39m
[32m    133[39m [38;5;28;01mif[39;00m [38;5;28mself[39m.exists:
[32m    134[39m     [38;5;28;01mif[39;00m [38;5;129;01mnot[39;00m value.exists():
[32m--> [39m[32m135[39m         [38;5;28;43mself[39;49m[43m.[49m[43merror[49m[43m([49m[43mobjekt[49m[43m,[49m[43m [49m[43mname[49m[43m,[49m[43m [49m[38;5;28;43mstr[39;49m[43m([49m[43mvalue[49m[43m)[49m[43m)[49m
[32m    137[39m     [38;5;28;01mif[39;00m [38;5;28mself[39m._is_file [38;5;129;01mand[39;00m [38;5;129;01mnot[39;00m value.is_file():
[32m    138[39m         [38;5;28mself[39m.error(objekt, name, [38;5;28mstr[39m(value))

[36mFile [39m[32m/opt/conda/lib/python3.13/site-packages/traits/base_trait_handler.py:74[39m, in [36mBaseTraitHandler.error[39m[34m(self, object, name, value)[39m
[32m     57[39m [38;5;28;01mdef[39;00m[38;5;250m [39m[34merror[39m([38;5;28mself[39m, [38;5;28mobject[39m, name, value):
[32m     58[39m [38;5;250m    [39m[33;03m"""Raises a TraitError exception.[39;00m
[32m     59[39m 
[32m     60[39m [33;03m    This method is called by the validate() method when an assigned value[39;00m
[32m   (...)[39m[32m     72[39m [33;03m        The proposed new value for the attribute.[39;00m
[32m     73[39m [33;03m    """[39;00m
[32m---> [39m[32m74[39m     [38;5;28;01mraise[39;00m TraitError(
[32m     75[39m         [38;5;28mobject[39m, name, [38;5;28mself[39m.full_info([38;5;28mobject[39m, name, value), value
[32m     76[39m     )

[31mTraitError[39m: The 'base_directory' trait of a DataGrabberInputSpec instance must be a pathlike object or string representing an existing directory, but a value of '/tmp/tmppazyg7md/ds000102' <class 'str'> was specified.

