Traceback (most recent call last):
  File "/opt/conda/lib/python3.13/site-packages/jupyter_cache/executors/utils.py", line 58, in single_nb_execution
    executenb(
    ~~~~~~~~~^
        nb,
        ^^^
    ...<4 lines>...
        **kwargs,
        ^^^^^^^^^
    )
    ^
  File "/opt/conda/lib/python3.13/site-packages/nbclient/client.py", line 1319, in execute
    return NotebookClient(nb=nb, resources=resources, km=km, **kwargs).execute()
           ~~~~~~~~~~~~~~~~~~~~~~~~~~~~~~~~~~~~~~~~~~~~~~~~~~~~~~~~~~~~~~~~~~~^^
  File "/opt/conda/lib/python3.13/site-packages/jupyter_core/utils/__init__.py", line 165, in wrapped
    return loop.run_until_complete(inner)
           ~~~~~~~~~~~~~~~~~~~~~~~^^^^^^^
  File "/opt/conda/lib/python3.13/asyncio/base_events.py", line 725, in run_until_complete
    return future.result()
           ~~~~~~~~~~~~~^^
  File "/opt/conda/lib/python3.13/site-packages/nbclient/client.py", line 709, in async_execute
    await self.async_execute_cell(
        cell, index, execution_count=self.code_cells_executed + 1
    )
  File "/opt/conda/lib/python3.13/site-packages/nbclient/client.py", line 1062, in async_execute_cell
    await self._check_raise_for_error(cell, cell_index, exec_reply)
  File "/opt/conda/lib/python3.13/site-packages/nbclient/client.py", line 918, in _check_raise_for_error
    raise CellExecutionError.from_cell_and_msg(cell, exec_reply_content)
nbclient.exceptions.CellExecutionError: An error occurred while executing the following cell:
------------------
%%bash

# Exit immediately if a command fails
set -e

# Set the number of threads for ITK (Image Processing Toolkit) to use
export ITK_GLOBAL_DEFAULT_NUMBER_OF_THREADS=6
# Set the directory for matplotlib configuration to avoid conflicts
export MPLCONFIGDIR=~/matplotlib-mpldir

# Run MRIQC
mriqc ds000102 \
        MRIQC \
        participant \
        --participant-label sub-01 sub-02 sub-03 \
        --no-sub \
        --work-dir MRIQC_workdir \
        --nprocs 6 \
        --mem-gb 10 \
        --verbose-reports \
        -v
------------------

----- stderr -----
bash: line 11: mriqc: command not found
------------------

[31m---------------------------------------------------------------------------[39m
[31mCalledProcessError[39m                        Traceback (most recent call last)
[36mCell[39m[36m [39m[32mIn[4][39m[32m, line 1[39m
[32m----> [39m[32m1[39m [43mget_ipython[49m[43m([49m[43m)[49m[43m.[49m[43mrun_cell_magic[49m[43m([49m[33;43m'[39;49m[33;43mbash[39;49m[33;43m'[39;49m[43m,[49m[43m [49m[33;43m'[39;49m[33;43m'[39;49m[43m,[49m[43m [49m[33;43m'[39;49m[38;5;130;43;01m\n[39;49;00m[33;43m# Exit immediately if a command fails[39;49m[38;5;130;43;01m\n[39;49;00m[33;43mset -e[39;49m[38;5;130;43;01m\n[39;49;00m[38;5;130;43;01m\n[39;49;00m[33;43m# Set the number of threads for ITK (Image Processing Toolkit) to use[39;49m[38;5;130;43;01m\n[39;49;00m[33;43mexport ITK_GLOBAL_DEFAULT_NUMBER_OF_THREADS=6[39;49m[38;5;130;43;01m\n[39;49;00m[33;43m# Set the directory for matplotlib configuration to avoid conflicts[39;49m[38;5;130;43;01m\n[39;49;00m[33;43mexport MPLCONFIGDIR=~/matplotlib-mpldir[39;49m[38;5;130;43;01m\n[39;49;00m[38;5;130;43;01m\n[39;49;00m[33;43m# Run MRIQC[39;49m[38;5;130;43;01m\n[39;49;00m[33;43mmriqc ds000102 [39;49m[38;5;130;43;01m\\[39;49;00m[38;5;130;43;01m\n[39;49;00m[33;43m        MRIQC [39;49m[38;5;130;43;01m\\[39;49;00m[38;5;130;43;01m\n[39;49;00m[33;43m        participant [39;49m[38;5;130;43;01m\\[39;49;00m[38;5;130;43;01m\n[39;49;00m[33;43m        --participant-label sub-01 sub-02 sub-03 [39;49m[38;5;130;43;01m\\[39;49;00m[38;5;130;43;01m\n[39;49;00m[33;43m        --no-sub [39;49m[38;5;130;43;01m\\[39;49;00m[38;5;130;43;01m\n[39;49;00m[33;43m        --work-dir MRIQC_workdir [39;49m[38;5;130;43;01m\\[39;49;00m[38;5;130;43;01m\n[39;49;00m[33;43m        --nprocs 6 [39;49m[38;5;130;43;01m\\[39;49;00m[38;5;130;43;01m\n[39;49;00m[33;43m        --mem-gb 10 [39;49m[38;5;130;43;01m\\[39;49;00m[38;5;130;43;01m\n[39;49;00m[33;43m        --verbose-reports [39;49m[38;5;130;43;01m\\[39;49;00m[38;5;130;43;01m\n[39;49;00m[33;43m        -v[39;49m[38;5;130;43;01m\n[39;49;00m[33;43m'[39;49m[43m)[49m

[36mFile [39m[32m/opt/conda/lib/python3.13/site-packages/IPython/core/interactiveshell.py:2565[39m, in [36mInteractiveShell.run_cell_magic[39m[34m(self, magic_name, line, cell)[39m
[32m   2563[39m [38;5;28;01mwith[39;00m [38;5;28mself[39m.builtin_trap:
[32m   2564[39m     args = (magic_arg_s, cell)
[32m-> [39m[32m2565[39m     result = [43mfn[49m[43m([49m[43m*[49m[43margs[49m[43m,[49m[43m [49m[43m*[49m[43m*[49m[43mkwargs[49m[43m)[49m
[32m   2567[39m [38;5;66;03m# The code below prevents the output from being displayed[39;00m
[32m   2568[39m [38;5;66;03m# when using magics with decorator @output_can_be_silenced[39;00m
[32m   2569[39m [38;5;66;03m# when the last Python token in the expression is a ';'.[39;00m
[32m   2570[39m [38;5;28;01mif[39;00m [38;5;28mgetattr[39m(fn, magic.MAGIC_OUTPUT_CAN_BE_SILENCED, [38;5;28;01mFalse[39;00m):

[36mFile [39m[32m/opt/conda/lib/python3.13/site-packages/IPython/core/magics/script.py:160[39m, in [36mScriptMagics._make_script_magic.<locals>.named_script_magic[39m[34m(line, cell)[39m
[32m    158[39m [38;5;28;01melse[39;00m:
[32m    159[39m     line = script
[32m--> [39m[32m160[39m [38;5;28;01mreturn[39;00m [38;5;28;43mself[39;49m[43m.[49m[43mshebang[49m[43m([49m[43mline[49m[43m,[49m[43m [49m[43mcell[49m[43m)[49m

[36mFile [39m[32m/opt/conda/lib/python3.13/site-packages/IPython/core/magics/script.py:348[39m, in [36mScriptMagics.shebang[39m[34m(self, line, cell)[39m
[32m    343[39m [38;5;28;01mif[39;00m args.raise_error [38;5;129;01mand[39;00m p.returncode != [32m0[39m:
[32m    344[39m     [38;5;66;03m# If we get here and p.returncode is still None, we must have[39;00m
[32m    345[39m     [38;5;66;03m# killed it but not yet seen its return code. We don't wait for it,[39;00m
[32m    346[39m     [38;5;66;03m# in case it's stuck in uninterruptible sleep. -9 = SIGKILL[39;00m
[32m    347[39m     rc = p.returncode [38;5;129;01mor[39;00m -[32m9[39m
[32m--> [39m[32m348[39m     [38;5;28;01mraise[39;00m CalledProcessError(rc, cell)

[31mCalledProcessError[39m: Command 'b'\n# Exit immediately if a command fails\nset -e\n\n# Set the number of threads for ITK (Image Processing Toolkit) to use\nexport ITK_GLOBAL_DEFAULT_NUMBER_OF_THREADS=6\n# Set the directory for matplotlib configuration to avoid conflicts\nexport MPLCONFIGDIR=~/matplotlib-mpldir\n\n# Run MRIQC\nmriqc ds000102 \\\n        MRIQC \\\n        participant \\\n        --participant-label sub-01 sub-02 sub-03 \\\n        --no-sub \\\n        --work-dir MRIQC_workdir \\\n        --nprocs 6 \\\n        --mem-gb 10 \\\n        --verbose-reports \\\n        -v\n'' returned non-zero exit status 127.

