Traceback (most recent call last):
  File "/opt/conda/lib/python3.12/site-packages/jupyter_core/utils/__init__.py", line 154, in wrapped
    asyncio.get_running_loop()
RuntimeError: no running event loop

During handling of the above exception, another exception occurred:

Traceback (most recent call last):
  File "/opt/conda/lib/python3.12/site-packages/jupyter_cache/executors/utils.py", line 58, in single_nb_execution
    executenb(
  File "/opt/conda/lib/python3.12/site-packages/nbclient/client.py", line 1319, in execute
    return NotebookClient(nb=nb, resources=resources, km=km, **kwargs).execute()
           ^^^^^^^^^^^^^^^^^^^^^^^^^^^^^^^^^^^^^^^^^^^^^^^^^^^^^^^^^^^^^^^^^^^^^
  File "/opt/conda/lib/python3.12/site-packages/jupyter_core/utils/__init__.py", line 158, in wrapped
    return loop.run_until_complete(inner)
           ^^^^^^^^^^^^^^^^^^^^^^^^^^^^^^
  File "/opt/conda/lib/python3.12/asyncio/base_events.py", line 691, in run_until_complete
    return future.result()
           ^^^^^^^^^^^^^^^
  File "/opt/conda/lib/python3.12/site-packages/nbclient/client.py", line 709, in async_execute
    await self.async_execute_cell(
  File "/opt/conda/lib/python3.12/site-packages/nbclient/client.py", line 1062, in async_execute_cell
    await self._check_raise_for_error(cell, cell_index, exec_reply)
  File "/opt/conda/lib/python3.12/site-packages/nbclient/client.py", line 918, in _check_raise_for_error
    raise CellExecutionError.from_cell_and_msg(cell, exec_reply_content)
nbclient.exceptions.CellExecutionError: An error occurred while executing the following cell:
------------------
# Function to convert .mif files to temporary .nii.gz files
def convert_mif_to_nii(mif_file):
    with tempfile.NamedTemporaryFile(suffix=".nii.gz", delete=False) as temp_file:
        result = subprocess.run(["mrconvert", mif_file, temp_file.name, "-force"], capture_output=True, text=True)
        if result.returncode != 0:
            print(f"Error in mrconvert: {result.stderr}")
            exit()
        return temp_file.name

mif_file_path1 = './MRtrix_preprocessed/sub-02_den_preproc_unbiased.mif'
mif_file_path2 = 'voxels.mif'

# Convert both .mif files to temporary .nii.gz files
nii_file1 = convert_mif_to_nii(mif_file_path1)
nii_file2 = convert_mif_to_nii(mif_file_path2)

# Load the converted images
data1 = nib.load(nii_file1).get_fdata()
data2 = nib.load(nii_file2).get_fdata()

# Choose the middle slices 
slice_idx1 = data1.shape[2] // 2  # Axial slice 
slice_idx2 = data1.shape[1] // 2  # Coronal slice 
slice_idx3 = data1.shape[0] // 2  # Sagittal slice

# Prepare RGB overlay for tissue types 
rgb_overlay = np.zeros(data2.shape[:3] + (3,), dtype=np.float32)
rgb_overlay[..., 0] = data2[..., 0]  # Red for CSF
rgb_overlay[..., 1] = data2[..., 1]  # Green for GM
rgb_overlay[..., 2] = data2[..., 2]  # Blue for WM

# Plot the slices
fig, axes = plt.subplots(1, 3, figsize=(15, 5))

# Axial slice
axes[0].imshow(np.rot90(data1[:, :, slice_idx1, 0]), cmap="Greys_r", vmin=0, vmax=700)
axes[0].imshow(np.rot90(rgb_overlay[:, :, slice_idx1]), alpha=0.7)
axes[0].axis("off")
axes[0].set_title('Axial Slice')

# Coronal slice
axes[1].imshow(np.rot90(data1[:, slice_idx2, :, 0]), cmap="Greys_r", vmin=0, vmax=700)
axes[1].imshow(np.rot90(rgb_overlay[:, slice_idx2, :]), alpha=0.7)
axes[1].axis("off")
axes[1].set_title('Coronal Slice')

# Sagittal slice
axes[2].imshow(np.rot90(data1[slice_idx3, :, :, 0]), cmap="Greys_r", vmin=0, vmax=700)
axes[2].imshow(np.rot90(rgb_overlay[slice_idx3, :, :]), alpha=0.7)
axes[2].axis("off")
axes[2].set_title('Sagittal Slice')

# Adjust layout and display
plt.tight_layout()
plt.show()
------------------


[31m---------------------------------------------------------------------------[39m
[31mFileNotFoundError[39m                         Traceback (most recent call last)
[36mCell[39m[36m [39m[32mIn[7][39m[32m, line 14[39m
[32m     11[39m mif_file_path2 = [33m'[39m[33mvoxels.mif[39m[33m'[39m
[32m     13[39m [38;5;66;03m# Convert both .mif files to temporary .nii.gz files[39;00m
[32m---> [39m[32m14[39m nii_file1 = [43mconvert_mif_to_nii[49m[43m([49m[43mmif_file_path1[49m[43m)[49m
[32m     15[39m nii_file2 = convert_mif_to_nii(mif_file_path2)
[32m     17[39m [38;5;66;03m# Load the converted images[39;00m

[36mCell[39m[36m [39m[32mIn[7][39m[32m, line 4[39m, in [36mconvert_mif_to_nii[39m[34m(mif_file)[39m
[32m      2[39m [38;5;28;01mdef[39;00m[38;5;250m [39m[34mconvert_mif_to_nii[39m(mif_file):
[32m      3[39m     [38;5;28;01mwith[39;00m tempfile.NamedTemporaryFile(suffix=[33m"[39m[33m.nii.gz[39m[33m"[39m, delete=[38;5;28;01mFalse[39;00m) [38;5;28;01mas[39;00m temp_file:
[32m----> [39m[32m4[39m         result = [43msubprocess[49m[43m.[49m[43mrun[49m[43m([49m[43m[[49m[33;43m"[39;49m[33;43mmrconvert[39;49m[33;43m"[39;49m[43m,[49m[43m [49m[43mmif_file[49m[43m,[49m[43m [49m[43mtemp_file[49m[43m.[49m[43mname[49m[43m,[49m[43m [49m[33;43m"[39;49m[33;43m-force[39;49m[33;43m"[39;49m[43m][49m[43m,[49m[43m [49m[43mcapture_output[49m[43m=[49m[38;5;28;43;01mTrue[39;49;00m[43m,[49m[43m [49m[43mtext[49m[43m=[49m[38;5;28;43;01mTrue[39;49;00m[43m)[49m
[32m      5[39m         [38;5;28;01mif[39;00m result.returncode != [32m0[39m:
[32m      6[39m             [38;5;28mprint[39m([33mf[39m[33m"[39m[33mError in mrconvert: [39m[38;5;132;01m{[39;00mresult.stderr[38;5;132;01m}[39;00m[33m"[39m)

[36mFile [39m[32m/opt/conda/lib/python3.12/subprocess.py:548[39m, in [36mrun[39m[34m(input, capture_output, timeout, check, *popenargs, **kwargs)[39m
[32m    545[39m     kwargs[[33m'[39m[33mstdout[39m[33m'[39m] = PIPE
[32m    546[39m     kwargs[[33m'[39m[33mstderr[39m[33m'[39m] = PIPE
[32m--> [39m[32m548[39m [38;5;28;01mwith[39;00m [43mPopen[49m[43m([49m[43m*[49m[43mpopenargs[49m[43m,[49m[43m [49m[43m*[49m[43m*[49m[43mkwargs[49m[43m)[49m [38;5;28;01mas[39;00m process:
[32m    549[39m     [38;5;28;01mtry[39;00m:
[32m    550[39m         stdout, stderr = process.communicate([38;5;28minput[39m, timeout=timeout)

[36mFile [39m[32m/opt/conda/lib/python3.12/subprocess.py:1026[39m, in [36mPopen.__init__[39m[34m(self, args, bufsize, executable, stdin, stdout, stderr, preexec_fn, close_fds, shell, cwd, env, universal_newlines, startupinfo, creationflags, restore_signals, start_new_session, pass_fds, user, group, extra_groups, encoding, errors, text, umask, pipesize, process_group)[39m
[32m   1022[39m         [38;5;28;01mif[39;00m [38;5;28mself[39m.text_mode:
[32m   1023[39m             [38;5;28mself[39m.stderr = io.TextIOWrapper([38;5;28mself[39m.stderr,
[32m   1024[39m                     encoding=encoding, errors=errors)
[32m-> [39m[32m1026[39m     [38;5;28;43mself[39;49m[43m.[49m[43m_execute_child[49m[43m([49m[43margs[49m[43m,[49m[43m [49m[43mexecutable[49m[43m,[49m[43m [49m[43mpreexec_fn[49m[43m,[49m[43m [49m[43mclose_fds[49m[43m,[49m
[32m   1027[39m [43m                        [49m[43mpass_fds[49m[43m,[49m[43m [49m[43mcwd[49m[43m,[49m[43m [49m[43menv[49m[43m,[49m
[32m   1028[39m [43m                        [49m[43mstartupinfo[49m[43m,[49m[43m [49m[43mcreationflags[49m[43m,[49m[43m [49m[43mshell[49m[43m,[49m
[32m   1029[39m [43m                        [49m[43mp2cread[49m[43m,[49m[43m [49m[43mp2cwrite[49m[43m,[49m
[32m   1030[39m [43m                        [49m[43mc2pread[49m[43m,[49m[43m [49m[43mc2pwrite[49m[43m,[49m
[32m   1031[39m [43m                        [49m[43merrread[49m[43m,[49m[43m [49m[43merrwrite[49m[43m,[49m
[32m   1032[39m [43m                        [49m[43mrestore_signals[49m[43m,[49m
[32m   1033[39m [43m                        [49m[43mgid[49m[43m,[49m[43m [49m[43mgids[49m[43m,[49m[43m [49m[43muid[49m[43m,[49m[43m [49m[43mumask[49m[43m,[49m
[32m   1034[39m [43m                        [49m[43mstart_new_session[49m[43m,[49m[43m [49m[43mprocess_group[49m[43m)[49m
[32m   1035[39m [38;5;28;01mexcept[39;00m:
[32m   1036[39m     [38;5;66;03m# Cleanup if the child failed starting.[39;00m
[32m   1037[39m     [38;5;28;01mfor[39;00m f [38;5;129;01min[39;00m [38;5;28mfilter[39m([38;5;28;01mNone[39;00m, ([38;5;28mself[39m.stdin, [38;5;28mself[39m.stdout, [38;5;28mself[39m.stderr)):

[36mFile [39m[32m/opt/conda/lib/python3.12/subprocess.py:1955[39m, in [36mPopen._execute_child[39m[34m(self, args, executable, preexec_fn, close_fds, pass_fds, cwd, env, startupinfo, creationflags, shell, p2cread, p2cwrite, c2pread, c2pwrite, errread, errwrite, restore_signals, gid, gids, uid, umask, start_new_session, process_group)[39m
[32m   1953[39m     err_msg = os.strerror(errno_num)
[32m   1954[39m [38;5;28;01mif[39;00m err_filename [38;5;129;01mis[39;00m [38;5;129;01mnot[39;00m [38;5;28;01mNone[39;00m:
[32m-> [39m[32m1955[39m     [38;5;28;01mraise[39;00m child_exception_type(errno_num, err_msg, err_filename)
[32m   1956[39m [38;5;28;01melse[39;00m:
[32m   1957[39m     [38;5;28;01mraise[39;00m child_exception_type(errno_num, err_msg)

[31mFileNotFoundError[39m: [Errno 2] No such file or directory: 'mrconvert'

