Traceback (most recent call last):
  File "/opt/conda/lib/python3.12/site-packages/jupyter_core/utils/__init__.py", line 154, in wrapped
    asyncio.get_running_loop()
RuntimeError: no running event loop

During handling of the above exception, another exception occurred:

Traceback (most recent call last):
  File "/opt/conda/lib/python3.12/site-packages/jupyter_cache/executors/utils.py", line 58, in single_nb_execution
    executenb(
  File "/opt/conda/lib/python3.12/site-packages/nbclient/client.py", line 1319, in execute
    return NotebookClient(nb=nb, resources=resources, km=km, **kwargs).execute()
           ^^^^^^^^^^^^^^^^^^^^^^^^^^^^^^^^^^^^^^^^^^^^^^^^^^^^^^^^^^^^^^^^^^^^^
  File "/opt/conda/lib/python3.12/site-packages/jupyter_core/utils/__init__.py", line 158, in wrapped
    return loop.run_until_complete(inner)
           ^^^^^^^^^^^^^^^^^^^^^^^^^^^^^^
  File "/opt/conda/lib/python3.12/asyncio/base_events.py", line 691, in run_until_complete
    return future.result()
           ^^^^^^^^^^^^^^^
  File "/opt/conda/lib/python3.12/site-packages/nbclient/client.py", line 709, in async_execute
    await self.async_execute_cell(
  File "/opt/conda/lib/python3.12/site-packages/nbclient/client.py", line 1062, in async_execute_cell
    await self._check_raise_for_error(cell, cell_index, exec_reply)
  File "/opt/conda/lib/python3.12/site-packages/nbclient/client.py", line 918, in _check_raise_for_error
    raise CellExecutionError.from_cell_and_msg(cell, exec_reply_content)
nbclient.exceptions.CellExecutionError: An error occurred while executing the following cell:
------------------
# Create an instance of the fsl.BET object
skullstrip = fsl.BET()

# Set input (and output)
skullstrip.inputs.in_file = './ds000102/sub-01/anat/sub-01_T1w.nii.gz' 

skullstrip.inputs.out_file = './output/T1w_nipype_bet.nii.gz' # Interfaces by default spit out results to the local directory why relative paths work (outputs are not stored in temporary files like in Nodes/Workflow)
------------------


[31m---------------------------------------------------------------------------[39m
[31mTraitError[39m                                Traceback (most recent call last)
[36mCell[39m[36m [39m[32mIn[10][39m[32m, line 5[39m
[32m      2[39m skullstrip = fsl.BET()
[32m      4[39m [38;5;66;03m# Set input (and output)[39;00m
[32m----> [39m[32m5[39m [43mskullstrip[49m[43m.[49m[43minputs[49m[43m.[49m[43min_file[49m = [33m'[39m[33m./ds000102/sub-01/anat/sub-01_T1w.nii.gz[39m[33m'[39m 
[32m      7[39m skullstrip.inputs.out_file = [33m'[39m[33m./output/T1w_nipype_bet.nii.gz[39m[33m'[39m [38;5;66;03m# Interfaces by default spit out results to the local directory why relative paths work (outputs are not stored in temporary files like in Nodes/Workflow)[39;00m

[36mFile [39m[32m/opt/conda/lib/python3.12/site-packages/nipype/interfaces/base/traits_extension.py:325[39m, in [36mFile.validate[39m[34m(self, objekt, name, value, return_pathlike)[39m
[32m    323[39m [38;5;28;01mdef[39;00m[38;5;250m [39m[34mvalidate[39m([38;5;28mself[39m, objekt, name, value, return_pathlike=[38;5;28;01mFalse[39;00m):
[32m    324[39m [38;5;250m    [39m[33;03m"""Validate a value change."""[39;00m
[32m--> [39m[32m325[39m     value = [38;5;28;43msuper[39;49m[43m([49m[43m)[49m[43m.[49m[43mvalidate[49m[43m([49m[43mobjekt[49m[43m,[49m[43m [49m[43mname[49m[43m,[49m[43m [49m[43mvalue[49m[43m,[49m[43m [49m[43mreturn_pathlike[49m[43m=[49m[38;5;28;43;01mTrue[39;49;00m[43m)[49m
[32m    326[39m     [38;5;28;01mif[39;00m [38;5;28mself[39m._exts:
[32m    327[39m         fname = value.name

[36mFile [39m[32m/opt/conda/lib/python3.12/site-packages/nipype/interfaces/base/traits_extension.py:135[39m, in [36mBasePath.validate[39m[34m(self, objekt, name, value, return_pathlike)[39m
[32m    133[39m [38;5;28;01mif[39;00m [38;5;28mself[39m.exists:
[32m    134[39m     [38;5;28;01mif[39;00m [38;5;129;01mnot[39;00m value.exists():
[32m--> [39m[32m135[39m         [38;5;28;43mself[39;49m[43m.[49m[43merror[49m[43m([49m[43mobjekt[49m[43m,[49m[43m [49m[43mname[49m[43m,[49m[43m [49m[38;5;28;43mstr[39;49m[43m([49m[43mvalue[49m[43m)[49m[43m)[49m
[32m    137[39m     [38;5;28;01mif[39;00m [38;5;28mself[39m._is_file [38;5;129;01mand[39;00m [38;5;129;01mnot[39;00m value.is_file():
[32m    138[39m         [38;5;28mself[39m.error(objekt, name, [38;5;28mstr[39m(value))

[36mFile [39m[32m/opt/conda/lib/python3.12/site-packages/traits/base_trait_handler.py:74[39m, in [36mBaseTraitHandler.error[39m[34m(self, object, name, value)[39m
[32m     57[39m [38;5;28;01mdef[39;00m[38;5;250m [39m[34merror[39m([38;5;28mself[39m, [38;5;28mobject[39m, name, value):
[32m     58[39m [38;5;250m    [39m[33;03m"""Raises a TraitError exception.[39;00m
[32m     59[39m 
[32m     60[39m [33;03m    This method is called by the validate() method when an assigned value[39;00m
[32m   (...)[39m[32m     72[39m [33;03m        The proposed new value for the attribute.[39;00m
[32m     73[39m [33;03m    """[39;00m
[32m---> [39m[32m74[39m     [38;5;28;01mraise[39;00m TraitError(
[32m     75[39m         [38;5;28mobject[39m, name, [38;5;28mself[39m.full_info([38;5;28mobject[39m, name, value), value
[32m     76[39m     )

[31mTraitError[39m: The 'in_file' trait of a BETInputSpec instance must be a pathlike object or string representing an existing file, but a value of 'ds000102/sub-01/anat/sub-01_T1w.nii.gz' <class 'str'> was specified.

